// Jest Snapshot v1, https://goo.gl/fbAQLP

exports[`ui/ExceptionContent Snap Shot 1`] = `
<div
  className="grid min-h-[calc(100vh_-_60px)] w-full place-content-center gap-12 pb-20 sm:min-h-[calc(100vh_-_112px)]"
>
  <div>
    <img
      alt="エラーアイコン"
      className="mb-6"
      data-nimg="1"
      decoding="async"
      height={256}
      loading="lazy"
      onError={[Function]}
      onLoad={[Function]}
      src="/static/error_icon.svg"
      style={
        {
          "color": "transparent",
        }
      }
      width={256}
    />
    <h2
      className="text-2xl text-custom-primary"
    >
      テスト
    </h2>
  </div>
  <button>
    テスト
  </button>
</div>
`;
