// Jest Snapshot v1, https://goo.gl/fbAQLP

exports[`ui/Header Snap Shot 1`] = `
<header
  className="flex items-center gap-3 bg-custom-white p-3 sm:gap-4 sm:p-4"
>
  <div
    className="relative h-10 w-10 sm:h-12 sm:w-12"
  >
    <img
      alt="こぺろロゴ"
      data-nimg="fill"
      decoding="async"
      loading="lazy"
      onError={[Function]}
      onLoad={[Function]}
      src="/static/coopello_logo.svg"
      style={
        {
          "bottom": 0,
          "color": "transparent",
          "height": "100%",
          "left": 0,
          "objectFit": undefined,
          "objectPosition": undefined,
          "position": "absolute",
          "right": 0,
          "top": 0,
          "width": "100%",
        }
      }
    />
  </div>
  <h1
    className="text-2xl sm:text-3xl"
  >
    Coopello Blog
  </h1>
</header>
`;
