// Jest Snapshot v1, https://goo.gl/fbAQLP

exports[`ui/Header Snap Shot 1`] = `
<header
  className="flex items-center bg-custom-white px-4 sm:gap-4 sm:p-4"
>
  <div
    className="relative h-[60px] w-[60px] sm:h-20 sm:w-20"
  >
    <img
      alt="こぺろロゴ"
      data-nimg="fill"
      decoding="async"
      loading="lazy"
      onError={[Function]}
      onLoad={[Function]}
      sizes="100vw"
      src="/_next/image?url=%2Fstatic%2Fcoopello_logo.png&w=3840&q=75"
      srcSet="/_next/image?url=%2Fstatic%2Fcoopello_logo.png&w=640&q=75 640w, /_next/image?url=%2Fstatic%2Fcoopello_logo.png&w=750&q=75 750w, /_next/image?url=%2Fstatic%2Fcoopello_logo.png&w=828&q=75 828w, /_next/image?url=%2Fstatic%2Fcoopello_logo.png&w=1080&q=75 1080w, /_next/image?url=%2Fstatic%2Fcoopello_logo.png&w=1200&q=75 1200w, /_next/image?url=%2Fstatic%2Fcoopello_logo.png&w=1920&q=75 1920w, /_next/image?url=%2Fstatic%2Fcoopello_logo.png&w=2048&q=75 2048w, /_next/image?url=%2Fstatic%2Fcoopello_logo.png&w=3840&q=75 3840w"
      style={
        {
          "bottom": 0,
          "color": "transparent",
          "height": "100%",
          "left": 0,
          "objectFit": undefined,
          "objectPosition": undefined,
          "position": "absolute",
          "right": 0,
          "top": 0,
          "width": "100%",
        }
      }
    />
  </div>
  <h1
    className="text-3xl sm:text-4xl"
  >
    Coopello Blog
  </h1>
</header>
`;
