// Jest Snapshot v1, https://goo.gl/fbAQLP

exports[`ui/LabelSection Snap Shot 1`] = `
<section
  className="flex w-full flex-col"
  style={
    {
      "gap": "1rem",
    }
  }
>
  <h2
    className="border-custom-primary px-4 py-2 text-custom-black"
    style={
      {
        "borderLeftWidth": 8,
        "fontSize": "1.5rem",
        "lineHeight": "2rem",
      }
    }
  >
    記事を書いた人
  </h2>
  <div />
</section>
`;
