// Jest Snapshot v1, https://goo.gl/fbAQLP

exports[`domain/category/ArticleTag Snap Shot 1`] = `
<span
  className="rounded-sm px-3 py-1 text-sm"
  onMouseEnter={[Function]}
  onMouseLeave={[Function]}
  style={
    {
      "backgroundColor": "white",
      "color": "#222222",
      "paddingLeft": 8,
      "paddingRight": 8,
    }
  }
>
  #
  chip
</span>
`;
